- One or more packages recorded in the lockfile are not installed.
- Use `renv::status()` for more details.
Restoring from renv.lock: tidyverse, rstan, loo
The following package(s) will be updated:

# CRAN -----------------------------------------------------------------------
- loo         [* -> 2.9.0]
- rstan       [* -> 2.32.7]
- tidyverse   [* -> 1.3.2]

# Downloading packages -------------------------------------------------------
- Querying repositories for available binary packages ... Done!
- Querying repositories for available source packages ... Done!
- Downloading loo from CRAN ...                 OK [2.7 Mb in 0.34s]
- Downloading checkmate from CRAN ...           OK [166 Kb in 0.34s]
- Downloading backports from CRAN ...           OK [99.8 Kb in 0.23s]
- Downloading matrixStats from CRAN ...         OK [198.2 Kb in 0.34s]
- Downloading posterior from CRAN ...           OK [398.3 Kb in 0.22s]
- Downloading abind from CRAN ...               OK [21.5 Kb in 0.11s]
- Downloading rlang from CRAN ...               OK [752.3 Kb in 0.34s]
- Downloading cli from CRAN ...                 OK [625.2 Kb in 0.33s]
- Downloading magrittr from CRAN ...            OK [221.9 Kb in 0.34s]
- Downloading pillar from CRAN ...              OK [399.7 Kb in 0.34s]
- Downloading glue from CRAN ...                OK [123.7 Kb in 0.23s]
- Downloading utf8 from CRAN ...                OK [235.8 Kb in 0.33s]
- Downloading vctrs from CRAN ...               OK [1 Mb in 0.66s]
- Downloading tensorA from CRAN ...             OK [218.9 Kb in 0.55s]
- Downloading distributional from CRAN ...      OK [183.1 Kb in 0.23s]
- Downloading generics from CRAN ...            OK [77.8 Kb in 0.44s]
- Downloading numDeriv from CRAN ...            OK [113.4 Kb in 0.34s]
- Downloading rstan from CRAN ...               OK [1.5 Mb in 0.22s]
- Downloading inline from CRAN ...              OK [24.9 Kb in 0.12s]
- Downloading gridExtra from CRAN ...           OK [1.1 Mb in 0.67s]
- Downloading gtable from CRAN ...              OK [144.7 Kb in 0.22s]
- Downloading Rcpp from CRAN ...                OK [2.8 Mb in 0.44s]
- Downloading RcppParallel from CRAN ...        OK [1.9 Mb in 0.34s]
- Downloading pkgbuild from CRAN ...            OK [42.7 Kb in 0.34s]
- Downloading callr from CRAN ...               OK [449.8 Kb in 0.55s]
- Downloading processx from CRAN ...            OK [161.3 Kb in 0.22s]
- Downloading ps from CRAN ...                  OK [164 Kb in 0.23s]
- Downloading crayon from CRAN ...              OK [158.8 Kb in 0.22s]
- Downloading desc from CRAN ...                OK [322.1 Kb in 0.22s]
- Downloading prettyunits from CRAN ...         OK [10.1 Kb in 0.33s]
- Downloading rprojroot from CRAN ...           OK [58.5 Kb in 0.33s]
- Downloading withr from CRAN ...               OK [100.8 Kb in 0.22s]
- Downloading QuickJSR from CRAN ...            OK [530.8 Kb in 0.34s]
- Downloading ggplot2 from CRAN ...             OK [6.1 Mb in 0.34s]
- Downloading isoband from CRAN ...             OK [1.5 Mb in 0.23s]
- Downloading S7 from CRAN ...                  OK [179.8 Kb in 0.23s]
- Downloading scales from CRAN ...              OK [321 Kb in 0.23s]
- Downloading farver from CRAN ...              OK [1.4 Mb in 0.34s]
- Downloading labeling from CRAN ...            OK [9.9 Kb in 0.22s]
- Downloading RColorBrewer from CRAN ...        OK [54.5 Kb in 0.22s]
- Downloading viridisLite from CRAN ...         OK [1.2 Mb in 0.22s]
- Downloading StanHeaders from CRAN ...         OK [2.3 Mb in 0.34s]
- Downloading RcppEigen from CRAN ...           OK [1.7 Mb in 0.24s]
- Downloading BH from CRAN ...                  OK [20.5 Mb in 2.2s]
- Downloading tidyverse from CRAN ...           OK [686 Kb in 0.33s]
- Downloading broom from CRAN ...               OK [626.8 Kb in 0.76s]
- Downloading dplyr from CRAN ...               OK [900.8 Kb in 0.33s]
- Downloading ellipsis from CRAN ...            OK [39.5 Kb in 0.23s]
- Downloading purrr from CRAN ...               OK [215.5 Kb in 0.23s]
- Downloading stringr from CRAN ...             OK [171.6 Kb in 0.44s]
- Downloading stringi from CRAN ...             OK [7.3 Mb in 0.56s]
- Downloading tidyr from CRAN ...               OK [804.2 Kb in 0.33s]
- Downloading dbplyr from CRAN ...              OK [706.9 Kb in 0.34s]
- Downloading blob from CRAN ...                OK [10.9 Kb in 0.33s]
- Downloading DBI from CRAN ...                 OK [713.1 Kb in 0.34s]
- Downloading dtplyr from CRAN ...              OK [195.1 Kb in 0.22s]
- Downloading data.table from CRAN ...          OK [5 Mb in 0.45s]
- Downloading forcats from CRAN ...             OK [418.8 Kb in 0.65s]
- Downloading googledrive from CRAN ...         OK [1.5 Mb in 0.34s]
- Downloading gargle from CRAN ...              OK [337.5 Kb in 0.55s]
- Downloading fs from CRAN ...                  OK [1.1 Mb in 0.34s]
- Downloading httr from CRAN ...                OK [157.1 Kb in 0.33s]
- Downloading curl from CRAN ...                OK [666.1 Kb in 0.56s]
- Downloading openssl from CRAN ...             OK [1.1 Mb in 0.34s]
- Downloading askpass from CRAN ...             OK [5.9 Kb in 0.23s]
- Downloading sys from CRAN ...                 OK [19.5 Kb in 0.23s]
- Downloading rstudioapi from CRAN ...          OK [112.7 Kb in 0.45s]
- Downloading uuid from CRAN ...                OK [79.3 Kb in 0.23s]
- Downloading googlesheets4 from CRAN ...       OK [218.1 Kb in 0.55s]
- Downloading ids from CRAN ...                 OK [121.1 Kb in 0.34s]
- Downloading rematch2 from CRAN ...            OK [46.4 Kb in 0.45s]
- Downloading haven from CRAN ...               OK [303.3 Kb in 0.55s]
- Downloading hms from CRAN ...                 OK [42.3 Kb in 0.34s]
- Downloading readr from CRAN ...               OK [294.7 Kb in 0.33s]
- Downloading tzdb from CRAN ...                OK [554.2 Kb in 0.45s]
- Downloading lubridate from CRAN ...           OK [416.9 Kb in 0.45s]
- Downloading timechange from CRAN ...          OK [100.4 Kb in 0.33s]
- Downloading modelr from CRAN ...              OK [118.6 Kb in 0.55s]
- Downloading readxl from CRAN ...              OK [2 Mb in 1.4s]
- Downloading reprex from CRAN ...              OK [1 Mb in 0.55s]
- Downloading knitr from CRAN ...               OK [472.4 Kb in 0.44s]
- Downloading xfun from CRAN ...                OK [167.9 Kb in 0.55s]
- Downloading yaml from CRAN ...                OK [92.1 Kb in 0.44s]
- Downloading rmarkdown from CRAN ...           OK [3.1 Mb in 0.99s]
- Downloading bslib from CRAN ...               OK [5.5 Mb in 0.54s]
- Downloading digest from CRAN ...              OK [159.7 Kb in 0.34s]
- Downloading rvest from CRAN ...               OK [92.4 Kb in 0.34s]
- Downloading selectr from CRAN ...             OK [167.4 Kb in 0.33s]
- Downloading xml2 from CRAN ...                OK [151.1 Kb in 0.66s]
Successfully downloaded 89 packages in 65 seconds.

# Installing packages --------------------------------------------------------
- Installing backports ...                      OK [installed binary and cached in 0.46s]
- Installing checkmate ...                      OK [built from source and cached in 13s]
- Installing matrixStats ...                    OK [built from source and cached in 14s]
- Installing abind ...                          OK [built from source and cached in 2.0s]
- Installing rlang ...                          OK [built from source and cached in 26s]
- Installing cli ...                            OK [built from source and cached in 26s]
- Installing magrittr ...                       OK [installed binary and cached in 0.46s]
- Installing glue ...                           OK [built from source and cached in 3.3s]
- Installing utf8 ...                           OK [built from source and cached in 6.8s]
- Installing vctrs ...                          OK [built from source and cached in 37s]
- Installing pillar ...                         OK [built from source and cached in 8.9s]
- Installing tensorA ...                        OK [installed binary and cached in 0.35s]
- Installing generics ...                       OK [installed binary and cached in 0.24s]
- Installing numDeriv ...                       OK [installed binary and cached in 0.34s]
- Installing distributional ...                 OK [built from source and cached in 22s]
- Installing posterior ...                      OK [built from source and cached in 14s]
- Installing loo ...                            OK [built from source and cached in 7.1s]
- Installing inline ...                         OK [built from source and cached in 2.7s]
- Installing gtable ...                         OK [built from source and cached in 3.9s]
- Installing gridExtra ...                      OK [installed binary and cached in 0.45s]
- Installing Rcpp ...                           OK [built from source and cached in 26s]
- Installing RcppParallel ...                   OK [built from source and cached in 49s]
- Installing ps ...                             OK [built from source and cached in 15s]
- Installing processx ...                       OK [built from source and cached in 16s]
- Installing callr ...                          OK [installed binary and cached in 0.46s]
- Installing crayon ...                         OK [installed binary and cached in 0.35s]
- Installing desc ...                           OK [installed binary and cached in 0.35s]
- Installing prettyunits ...                    OK [built from source and cached in 1.9s]
- Installing rprojroot ...                      OK [built from source and cached in 2.8s]
- Installing withr ...                          OK [built from source and cached in 3.9s]
- Installing pkgbuild ...                       OK [built from source and cached in 4.2s]
- Installing QuickJSR ...                       OK [built from source and cached in 24s]
- Installing isoband ...                        OK [built from source and cached in 8.2s]
- Installing S7 ...                             OK [built from source and cached in 6.2s]
- Installing farver ...                         OK [installed binary and cached in 0.45s]
- Installing labeling ...                       OK [built from source and cached in 2.0s]
- Installing RColorBrewer ...                   OK [installed binary and cached in 0.35s]
- Installing viridisLite ...                    OK [built from source and cached in 1.8s]
- Installing scales ...                         OK [built from source and cached in 10s]
- Installing ggplot2 ...                        OK [built from source and cached in 40s]
- Installing RcppEigen ...                      OK [built from source and cached in 53s]
- Installing StanHeaders ...                    OK [built from source and cached in 24s]
- Installing BH ...                             OK [installed binary and cached in 16s]
- Installing rstan ...                          OK [built from source and cached in 2.7m]
- Installing dplyr ...                          OK [built from source and cached in 21s]
- Installing ellipsis ...                       OK [installed binary and cached in 0.34s]
- Installing purrr ...                          OK [built from source and cached in 9.3s]
- Installing stringi ...                        OK [built from source and cached in 5.2m]
- Installing stringr ...                        OK [built from source and cached in 5.0s]
- Installing tidyr ...                          OK [built from source and cached in 13s]
- Installing broom ...                          OK [built from source and cached in 14s]
- Installing blob ...                           OK [built from source and cached in 2.7s]
- Installing DBI ...                            OK [built from source and cached in 10s]
- Installing dbplyr ...                         OK [built from source and cached in 19s]
- Installing data.table ...                     OK [built from source and cached in 23s]
- Installing dtplyr ...                         OK [built from source and cached in 6.5s]
- Installing forcats ...                        OK [installed binary and cached in 0.45s]
- Installing fs ...                             OK [built from source and cached in 31s]
- Installing curl ...                           OK [built from source and cached in 19s]
- Installing sys ...                            OK [built from source and cached in 2.7s]
- Installing askpass ...                        OK [built from source and cached in 2.7s]
- Installing openssl ...                        OK [built from source and cached in 13s]
- Installing httr ...                           OK [built from source and cached in 7.7s]
- Installing rstudioapi ...                     OK [built from source and cached in 5.3s]
- Installing gargle ...                         OK [built from source and cached in 7.1s]
- Installing uuid ...                           OK [built from source and cached in 4.9s]
- Installing googledrive ...                    OK [built from source and cached in 8.0s]
- Installing ids ...                            OK [installed binary and cached in 0.35s]
- Installing rematch2 ...                       OK [installed binary and cached in 0.35s]
- Installing googlesheets4 ...                  OK [built from source and cached in 8.4s]
- Installing hms ...                            OK [built from source and cached in 3.9s]
- Installing tzdb ...                           OK [built from source and cached in 11s]
- Installing readr ...                          OK [built from source and cached in 31s]
- Installing haven ...                          OK [built from source and cached in 18s]
- Installing timechange ...                     OK [built from source and cached in 13s]
- Installing lubridate ...                      OK [built from source and cached in 13s]
- Installing modelr ...                         OK [built from source and cached in 4.4s]
- Installing readxl ...                         OK [built from source and cached in 12s]
- Installing xfun ...                           OK [built from source and cached in 8.7s]
- Installing yaml ...                           OK [built from source and cached in 5.3s]
- Installing knitr ...                          OK [built from source and cached in 11s]
- Installing digest ...                         OK [built from source and cached in 6.6s]
- Installing bslib ...                          OK [built from source and cached in 14s]
- Installing rmarkdown ...                      OK [built from source and cached in 12s]
- Installing reprex ...                         OK [built from source and cached in 4.4s]
- Installing selectr ...                        OK [built from source and cached in 4.4s]
- Installing xml2 ...                           OK [built from source and cached in 11s]
- Installing rvest ...                          OK [built from source and cached in 4.4s]
- Installing tidyverse ...                      OK [built from source and cached in 7.0s]

The following loaded package(s) have been updated:
- rlang
- cli
- generics
- rprojroot
- timechange
- lubridate
- readxl
- xfun
- knitr
- digest
- rmarkdown
Restart your R session to use the new versions.

Error in value[[3L]](cond) : 
  Package 'lubridate' version 1.9.5 cannot be unloaded:
 Error in unloadNamespace(package) : namespace 'lubridate' is imported by 'tidyverse' so cannot be unloaded
Calls: bss_load_packages ... tryCatch -> tryCatchList -> tryCatchOne -> <Anonymous>
In addition: Warning message:
package 'forcats' was built under R version 4.2.3 
Execution halted
